// Jest Snapshot v1, https://goo.gl/fbAQLP

exports[`Home Component Snapshot Home 1`] = `
<DocumentFragment>
  <div>
    <h1
      style="font-size: 2.1875rem;"
    >
      Home
    </h1>
  </div>
</DocumentFragment>
`;
