// Jest Snapshot v1, https://goo.gl/fbAQLP

exports[`Input Component Snapshot Input 1`] = `
<DocumentFragment>
  .c0 {
  display: flex;
  flex-direction: column;
  width: 100%;
}

.c1 {
  color: #4E4E4E;
  margin-bottom: 0.25rem;
}

.c2 {
  color: #4E4E4E;
  padding: 0.5rem;
  border: 1px solid #BABABA;
  border-radius: 5px;
}

.c2:focus {
  border-color: #0353A4;
  color: #0353A4;
}

.c2::placeholder {
  color: #E9E9E9;
}

.c2:disabled {
  color: #E9E9E9;
  border-color: #E9E9E9;
  background: #FFF;
  cursor: not-allowed;
  opacity: 0.5;
}

<div
    class="c0"
  >
    <label
      class="c1"
      for="idname"
    >
      Name
    </label>
    <input
      class="c2"
      id="idname"
    />
  </div>
</DocumentFragment>
`;
